{"Telepes1":
"ID": "t02"
"aszteroida": "a08"
"nyersanyagok": [
	{
		"ID: "u02"
	},

	{
		"ID: "v02"
	},

	{
		"ID: "vj02"
	},
]
"kapuk": []
,"Telepes0":
"ID": "t01"
"aszteroida": "a08"
"nyersanyagok": [
	{
		"ID: "v01"
	},

	{
		"ID: "vj01"
	},

	{
		"ID: "u01"
	},

	{
		"ID: "sz01"
	},
]
"kapuk": []
}